
> build
> vite build

vite v8.0.10 building client environment for production...
[plugin @laravel/vite-plugin-wayfinder] Types generated for actions, routes, form variants
[2Ktransforming...✓ 2987 modules transformed.
rendering chunks...
✗ Build failed in 1.05s
error during build:
Build failed with 1 error:

[31m[MISSING_EXPORT] Error:[0m "useLayoutProps" is not exported by "node_modules/@inertiajs/vue3/dist/index.js".
    [38;5;246m╭[0m[38;5;246m─[0m[38;5;246m[[0m resources/js/pages/medicamentos/Create.vue?vue&type=script&setup=true&lang.ts:18:31 [38;5;246m][0m
    [38;5;246m│[0m
 [38;5;246m18 │[0m [38;5;249mi[0m[38;5;249mm[0m[38;5;249mp[0m[38;5;249mo[0m[38;5;249mr[0m[38;5;249mt[0m[38;5;249m [0m[38;5;249m{[0m[38;5;249m [0m[38;5;249mH[0m[38;5;249me[0m[38;5;249ma[0m[38;5;249md[0m[38;5;249m,[0m[38;5;249m [0m[38;5;249mu[0m[38;5;249ms[0m[38;5;249me[0m[38;5;249mF[0m[38;5;249mo[0m[38;5;249mr[0m[38;5;249mm[0m[38;5;249m,[0m[38;5;249m [0m[38;5;249mL[0m[38;5;249mi[0m[38;5;249mn[0m[38;5;249mk[0m[38;5;249m,[0m[38;5;249m [0museLayoutProps[38;5;249m [0m[38;5;249m}[0m[38;5;249m [0m[38;5;249mf[0m[38;5;249mr[0m[38;5;249mo[0m[38;5;249mm[0m[38;5;249m [0m[38;5;249m"[0m[38;5;249m@[0m[38;5;249mi[0m[38;5;249mn[0m[38;5;249me[0m[38;5;249mr[0m[38;5;249mt[0m[38;5;249mi[0m[38;5;249ma[0m[38;5;249mj[0m[38;5;249ms[0m[38;5;249m/[0m[38;5;249mv[0m[38;5;249mu[0m[38;5;249me[0m[38;5;249m3[0m[38;5;249m"[0m[38;5;249m;[0m
 [38;5;240m   │[0m                               ───────┬──────  
 [38;5;240m   │[0m                                      ╰──────── Missing export
[38;5;246m────╯[0m

    at aggregateBindingErrorsIntoJsError (file:///home/nikolai/Documents/Projects/medintera-plus/node_modules/rolldown/dist/shared/error-DL-e8-oE.mjs:48:18)
    at unwrapBindingResult (file:///home/nikolai/Documents/Projects/medintera-plus/node_modules/rolldown/dist/shared/error-DL-e8-oE.mjs:18:128)
    at #build (file:///home/nikolai/Documents/Projects/medintera-plus/node_modules/rolldown/dist/shared/rolldown-build-DSxL8qiP.mjs:3317:34)
    at async buildEnvironment (file:///home/nikolai/Documents/Projects/medintera-plus/node_modules/vite/dist/node/chunks/node.js:33018:64)
    at async Object.build (file:///home/nikolai/Documents/Projects/medintera-plus/node_modules/vite/dist/node/chunks/node.js:33440:19)
    at async Object.buildApp (file:///home/nikolai/Documents/Projects/medintera-plus/node_modules/vite/dist/node/chunks/node.js:33437:153)
    at async CAC.<anonymous> (file:///home/nikolai/Documents/Projects/medintera-plus/node_modules/vite/dist/node/cli.js:778:3) {
  errors: [Getter/Setter]
}
